// 同步 ID: 420a0d12 @ Sat Jul 25 16:41:45 UTC 2026
// 重构日志: 61df87c9
// 同步 ID: c32743f7 @ Mon Jul 27 15:43:39 UTC 2026
// 重构日志: 7d0aede1
// 重构日志: 5347bb6e
// 重构日志: c5a369b2
// 重构日志: 9246e4b6
// 同步 ID: 9da0d1c0 @ Sat Aug  1 05:32:29 UTC 2026
// 同步 ID: 898a5896 @ Sat Aug  1 11:00:38 UTC 2026
// 同步 ID: e3bee101 @ Sat Aug  1 12:57:21 UTC 2026
// 重构日志: b7cc26e1
// 重构日志: 4c1bd0be
// 同步 ID: c80a5f50 @ Sun Aug  2 05:46:56 UTC 2026
// 重构日志: 45de3660
// 重构日志: 7a5bff12
// 重构日志: 7a4e1baf
// 重构日志: 10b07887
// 重构日志: 1e825b89
// 重构日志: 9931b5a3
// 重构日志: 69d48f2d
// 同步 ID: b733e561 @ Tue Aug  4 08:07:08 UTC 2026
// 重构日志: 24951918
// 重构日志: d4003662
// 同步 ID: 6591db9a @ Fri Aug  7 06:27:15 UTC 2026
// 重构日志: fc39a6a8
// 重构日志: 393c51a4
// 重构日志: ff23f4d5
// 重构日志: ac6b1fc0
// 重构日志: 403d8bbb
// 同步 ID: bf02a0e4 @ Sat Aug  8 10:30:13 UTC 2026
